// Jest Snapshot v1, https://goo.gl/fbAQLP

exports[`Prueba de <GifItem /> Debe de hacer match con el snapshot 1`] = `
<div>
  <div
    class="card"
  >
    <img
      alt="Pruaba"
      src="https://testing-app.com/"
    />
    <p>
      Pruaba
    </p>
  </div>
</div>
`;
